2026-07-19 15:22:55 | INFO | test
2026-07-19 15:22:55 | ERROR | test
2026-07-19 15:22:55 | WARNING | test
2026-07-19 16:34:45 | INFO | test
2026-07-19 16:34:45 | ERROR | test
2026-07-19 16:34:45 | WARNING | test
2026-07-19 16:34:52 | INFO | test
2026-07-19 16:34:52 | ERROR | test
2026-07-19 16:34:52 | WARNING | test
2026-07-19 16:37:45 | INFO | test
2026-07-19 16:37:45 | ERROR | test
2026-07-19 16:37:45 | WARNING | test
2026-07-19 16:37:55 | INFO | test
2026-07-19 16:37:55 | ERROR | test
2026-07-19 16:37:55 | WARNING | test
2026-07-19 16:42:40 | INFO | periode = 202509, type = <class 'int'>
2026-07-19 16:42:40 | INFO | ************************* periode = 202509 ************************* 
2026-07-19 16:42:40 | INFO | ************************* table_name = silver_nyc_taxi ************************* 
2026-07-19 16:42:40 | INFO | ************************* taxi_type = yellow ************************* 
2026-07-19 16:42:47 | INFO | ******************************************************* Starting UberBronze *******************************************************
2026-07-19 16:42:47 | INFO | Extracting yellow_tripdata_2025-09.parquet from /Volumes/nyc_taxi/bronze/raw_files/yellow/2025/yellow_tripdata_2025-09.parquet
2026-07-19 16:43:01 | INFO | ======================================================= Bronze rows : 4251015 ======================================================= 
2026-07-19 16:43:01 | INFO | run completed in 13.36s
2026-07-19 16:43:01 | INFO | ******************************************************* Finished UberBronze *******************************************************
2026-07-19 16:43:01 | INFO | ========================================================================================================================
2026-07-19 16:43:01 | INFO | ******************************************************* Starting UberSilver *******************************************************
2026-07-19 16:43:02 | INFO | add_trip_duration completed in 0.09s
2026-07-19 16:43:02 | INFO | add_date_key completed in 0.0s
2026-07-19 16:43:02 | INFO | add_tip_percent completed in 0.0s
2026-07-19 16:43:02 | INFO | add_average_speed completed in 0.0s
2026-07-19 16:43:02 | INFO | add_date_features completed in 0.0s
2026-07-19 16:43:02 | INFO | cast_columns completed in 0.0s
2026-07-19 16:43:02 | INFO | apply_quality_rules completed in 0.0s
2026-07-19 16:43:04 | INFO | Silver rows : 4251015 -> 3996520
2026-07-19 16:43:07 | INFO | run completed in 6.45s
2026-07-19 16:43:07 | INFO | ******************************************************* Finished UberSilver *******************************************************
2026-07-19 16:43:07 | INFO | ========================================================================================================================
2026-07-19 16:43:07 | INFO | ******************************************************* Starting UberGold *******************************************************
2026-07-19 16:43:07 | INFO | get_fact_trips completed in 0.0s
2026-07-19 16:43:07 | INFO | get_dim_date completed in 0.0s
2026-07-19 16:43:07 | INFO | get_kpi_daily completed in 0.0s
2026-07-19 16:43:07 | INFO | ============ Début Validation des schemas ============ 
2026-07-19 16:43:08 | INFO | Missing columns: set()
2026-07-19 16:43:08 | INFO | ============ Fin Validation des schemas ============ 
2026-07-19 16:43:08 | INFO | ============ Chargement des données dans Delta ============ 
2026-07-19 16:43:11 | INFO | ============ Suppression d'une période ============ 
2026-07-19 16:43:11 | INFO | ========================================================================================================================
2026-07-19 16:43:11 | INFO | Period 202509 deleted from silver_nyc_taxi
2026-07-19 16:43:27 | INFO | Table nyc_taxi.silver.silver_nyc_taxi saved
2026-07-19 16:43:29 | INFO | ============ Suppression d'une période ============ 
2026-07-19 16:43:29 | INFO | ========================================================================================================================
2026-07-19 16:43:29 | INFO | Period 202509 deleted from gold_fact_trips
2026-07-19 16:43:37 | INFO | Table nyc_taxi.gold.gold_fact_trips saved
2026-07-19 16:43:40 | INFO | ============ Suppression d'une période ============ 
2026-07-19 16:43:40 | INFO | ========================================================================================================================
2026-07-19 16:43:40 | INFO | Period 202509 deleted from gold_dim_date
2026-07-19 16:43:44 | INFO | Table nyc_taxi.gold.gold_dim_date saved
2026-07-19 16:43:47 | INFO | ============ Suppression d'une période ============ 
2026-07-19 16:43:47 | INFO | ========================================================================================================================
2026-07-19 16:43:47 | INFO | Period 202509 deleted from gold_kpi_daily
2026-07-19 16:43:54 | INFO | Table nyc_taxi.gold.gold_kpi_daily saved
2026-07-19 16:43:54 | INFO | ============ Optimisation des tables Delta ============ 
2026-07-19 16:43:54 | INFO | ============ OPTIMIZE period ============ 
2026-07-19 16:43:57 | INFO | ============ Optimisation ============ 
2026-07-19 16:43:57 | INFO | OPTIMIZE completed on nyc_taxi.silver.silver_nyc_taxi for period 202509
2026-07-19 16:43:57 | INFO | ============ OPTIMIZE period ============ 
2026-07-19 16:43:59 | INFO | ============ Optimisation ============ 
2026-07-19 16:43:59 | INFO | OPTIMIZE completed on nyc_taxi.gold.gold_fact_trips for period 202509
2026-07-19 16:43:59 | INFO | ============ OPTIMIZE period ============ 
2026-07-19 16:44:00 | WARNING | Table nyc_taxi.gold.gold_kpi_daily is not partitioned by periodPartitions found: []
2026-07-19 16:44:00 | INFO | run completed in 52.82s
2026-07-19 16:44:00 | INFO | ******************************************************* Finished UberGold *******************************************************
2026-07-19 16:44:00 | INFO | ========================================================================================================================
2026-07-19 16:44:00 | INFO | MaintenanceJob started
2026-07-19 16:44:00 | INFO | Processing nyc_taxi.silver.silver_nyc_taxi
2026-07-19 16:44:02 | INFO | ============ OPTIMIZE completed ============ 
2026-07-19 16:44:02 | INFO | OPTIMIZE completed nyc_taxi.silver.silver_nyc_taxi
2026-07-19 16:44:24 | INFO | VACUUM completed on nyc_taxi.silver.silver_nyc_taxi
2026-07-19 16:44:24 | INFO | Maintenance completed for nyc_taxi.silver.silver_nyc_taxi
2026-07-19 16:44:24 | INFO | Processing nyc_taxi.gold.gold_fact_trips
2026-07-19 16:44:26 | INFO | ============ OPTIMIZE completed ============ 
2026-07-19 16:44:26 | INFO | OPTIMIZE completed nyc_taxi.gold.gold_fact_trips
2026-07-19 16:44:41 | INFO | VACUUM completed on nyc_taxi.gold.gold_fact_trips
2026-07-19 16:44:41 | INFO | Maintenance completed for nyc_taxi.gold.gold_fact_trips
2026-07-19 16:44:41 | INFO | Processing nyc_taxi.gold.gold_dim_date
2026-07-19 16:44:45 | INFO | ============ OPTIMIZE completed ============ 
2026-07-19 16:44:45 | INFO | OPTIMIZE completed nyc_taxi.gold.gold_dim_date
2026-07-19 16:45:00 | INFO | VACUUM completed on nyc_taxi.gold.gold_dim_date
2026-07-19 16:45:00 | INFO | Maintenance completed for nyc_taxi.gold.gold_dim_date
2026-07-19 16:45:00 | INFO | Processing nyc_taxi.gold.gold_kpi_daily
2026-07-19 16:45:03 | INFO | ============ OPTIMIZE completed ============ 
2026-07-19 16:45:03 | INFO | OPTIMIZE completed nyc_taxi.gold.gold_kpi_daily
2026-07-19 16:45:16 | INFO | VACUUM completed on nyc_taxi.gold.gold_kpi_daily
2026-07-19 16:45:16 | INFO | Maintenance completed for nyc_taxi.gold.gold_kpi_daily
2026-07-19 16:45:16 | INFO | MaintenanceJob finished
