2026-06-09 00:05:17,721 | INFO | OrdersBronze START
2026-06-09 00:05:22,752 | INFO | Bronze loaded : 7 rows
2026-06-09 00:05:22,753 | INFO | OrdersBronze SUCCESS
2026-06-09 00:05:22,754 | INFO | OrdersSilver START
2026-06-09 00:05:26,157 | INFO | Silver rows : 4
2026-06-09 00:05:26,157 | INFO | OrdersSilver SUCCESS
2026-06-09 00:05:26,158 | INFO | RevenueGold START
2026-06-09 00:05:29,221 | INFO | Gold rows : 3
2026-06-09 00:05:29,222 | INFO | RevenueGold SUCCESS
2026-06-09 00:05:29,223 | INFO | ========================================================================================================================
2026-06-09 00:05:29,223 | INFO | PIPELINE SUCCESS
2026-06-09 00:05:29,224 | INFO | ========================================================================================================================
2026-06-09 00:12:49,461 | INFO | OrdersBronze START
2026-06-09 00:12:53,765 | INFO | Bronze loaded : 7 rows
2026-06-09 00:12:53,766 | INFO | OrdersBronze SUCCESS
2026-06-09 00:13:13,426 | INFO | OrdersBronze START
2026-06-09 00:13:17,353 | INFO | Bronze loaded : 7 rows
2026-06-09 00:13:17,354 | INFO | OrdersBronze SUCCESS
2026-06-09 00:13:17,356 | INFO | OrdersSilver START
2026-06-09 00:13:20,199 | INFO | Silver rows : 4
2026-06-09 00:13:20,202 | INFO | OrdersSilver SUCCESS
2026-06-09 00:13:20,204 | INFO | RevenueGold START
2026-06-09 00:13:23,061 | INFO | Gold rows : 3
2026-06-09 00:13:23,062 | INFO | RevenueGold SUCCESS
